// Jest Snapshot v1, https://goo.gl/fbAQLP

exports[`promiseRace function When first promise in array rejects It returns Promise with rejected value 1`] = `"rejected"`;

exports[`promiseRace function When first promise in given array is resolved It returns given Promise result 1`] = `"resolved"`;

exports[`promiseRace function When given array is empty It returns Promise pending 1`] = `
{
  "status": "pending",
}
`;
